==============================================================================
22-1665 第二十六轮：两块模组各插一个 HUB 口（HUB1 显 "2" / HUB2 全黑）判定
==============================================================================

== 0. 宿主编译（现行驱动；-Wall -Wextra 零告警）==
   用户当前宏值：_22_1665_MODULE_ROWS=1 / _22_1665_MODULE_COLS=2（逻辑屏 16×32）
  [通过] 1×2（= 用户当前宏值）编过且零告警
  [通过] 1×2 + `-D_22_1665_CHAIN_HEAD_IS_MODULE0=1`（现场 A/B 口径）编过且零告警
  [通过] 1×1（对照 / 硬件基线）编过且零告警
  基类字段：{'screen': '16x32', 'buffer': '512', 'scanline': '256', 'modules': '1x2'}
  [通过] 1×2 基类字段 screen=16x32 buffer=512 scanline=256 modules=1x2

== 1. 判定链第一环：默认画面 "1\n2"（FONT_16）在 16×32 上的真实落点 ==
  [通过] app_default_display.c 文本 = "1\n2"（C 转义真换行）
  [通过] app_default_display.c：FONT_16 + FONT_HT
  [通过] app_default_display.c：h_align=CENTER / v_align=ALIGN_LEFT_UP（word_wrap 未设 = 关）
  [通过] app_default_display.c：w = screen_rows（16）/ h = screen_cols（32）
  [通过] app_render.c：ASCII 字形宽 = size/2（`_glyph_width_px`）
  [通过] app_render.c：'\n' 渲染趟走 `cur_y += line_h`（换行推进一行）
  [通过] app_render.c：`cur_y >= cfg->h` 早退只存在于 word_wrap 分支（本画面 word_wrap=关）
  独立复写布局模型输出：字形框 [(4, 0, 8, 16), (4, 16, 8, 16)]；文本高 32（cfg.h = 32）
  [通过] 两行字形框 = [(4,0,8,16), (4,16,8,16)]（水平居中 (16-8)/2 = 4）
  [通过] 第 1 行字形框整体落在**模块 0 区域**（y 0..15 = 逻辑上半屏）
  [通过] 第 2 行字形框整体落在**模块 1 区域**（y 16..31 = 逻辑下半屏）
  [通过] 文本高 32 = cfg.h → **两行都放得下**（第二行不被裁剪、不被丢弃）
  结论：模块 0 区域装「1」、模块 1 区域装「2」——两行都真实落屏（非空）。
  [通过] pixel_map 尺寸 = 512B（16×32）

== 2. 帧位流归属（机器级：现行 1×2 驱动的实际输出）==
  [通过] 每帧 CLK = 256（= 128 × 2 模块）且 frame_state 长 256B
  [通过] 每帧 BSRR 写序 = 256 时钟 × 2 端口（G/B）= 512 项
  [通过] 扫描序 = p 递减（第 k 个时钟 = state[255-k]）：先移入 state[255]、最后移入 state[0]

  [链首模块（贴数据脚那块，单块单独接时就是它）解回 16×16 像素]
    ................
    ......GGGG......
    .....G....G.....
    ..........G.....
    ..........G.....
    .........G......
    ........G.......
    .......G........
    ......G.........
    .....G..........
    ....G...........
    ....G...........
    ....G...........
    ....G.....G.....
    ....GGGGGGG.....
    ................
  [链尾模块（本级联链上的第二块）解回 16×16 像素]
    ................
    .......R........
    ......RR........
    .......R........
    .......R........
    .......R........
    .......R........
    .......R........
    .......R........
    .......R........
    .......R........
    .......R........
    .......R........
    .......R........
    .....RRRRR......
    ................
  [通过] 块 0（最后移入 → 停在链首）内容 == **模块 1 区域（第 2 行 =「2」）**（逐像素）
  [通过] 块 1（最先移入 → 推到链尾）内容 == **模块 0 区域（第 1 行 =「1」）**（逐像素）
  链首块点亮行 1..14（字形框局部 y 0..15）、链尾块点亮行 1..14

== 3. 三种接线假设 vs 现场观测（HUB1 显「2」/ HUB2 全黑）==

  现场两条观测：① HUB1 那块显示「2」；② HUB2 那块**完全没有显示**（默认画面下）。
  逐假设预测（由上面机器级块内容推出；「真级联」= 模组 A 的 SDO 接模组 B 的 SDI）：

  ┌────┬────────────────────────────┬──────────────────────┬──────────────────────┬────────────┐
  │ 假设 │ 接线                        │ HUB1 那块显示         │ HUB2 那块显示         │ 与现场     │
  ├────┼────────────────────────────┼──────────────────────┼──────────────────────┼────────────┤
  │ H1 │ 两口 4 根数据脚**并联**（同一组 MCU 脚）│ 末 128 位 = 「2」     │ 也是链首、同样「2」   │ ❌ 否证（HUB2 应亮「2」）│
  │ H2 │ **两口各占独立一组脚**（硬件 = 模型 B）│ 末 128 位 = 「2」     │ 该组脚从未被驱动 → 黑 │ ✅ 完全自洽 │
  │ H3 │ 模组 A(口 1) → 模组 B(口 2) **物理级联**│ 末 128 位 = 「2」     │ 首 128 位 = 「1」     │ ❌ 否证（HUB2 应亮「1」）│
  └────┴────────────────────────────┴──────────────────────┴──────────────────────┴────────────┘

  结论：**只有 H2（每口一组独立数据脚 = 模型 B 硬件）能同时解释两条观测**。
  · H1 被「HUB2 全黑」否证：并联时两块收到的位流完全相同，不可能一块亮一块黑
    （除非 HUB2 的 CLK/LAT/OE 另走一路且未接——见 §6 实验 E4 的示波器判据）。
  · H3 被「HUB2 全黑」否证：真级联时链尾那块必然保留**最先移入**的 128 位 = 模块 0 =「1」，
    现场应看到「1」而不是黑；若仍是黑，只能是级联信号没接通/模组没供电，
    那已等价于「第二块没有任何数据源」，修复路径与 H2 相同（补接或补驱动）。

== 4. 现场 A/B 开关 `_22_1665_CHAIN_HEAD_IS_MODULE0=1` 的效果 ==
  [通过] flip 口径：链首块改看**模块 0**（第 1 行 =「1」）
  [通过] flip 口径：链尾块改看**模块 1**（第 2 行 =「2」）

  行为：开关只把「帧内哪 128 位归哪个模块」**对调**，不增加任何被驱动的引脚。
  · 单块接 HUB1（或真级联的链首）→ 默认口径「2」，flip 口径「1」（**能对上"第一块显示 1"的期望**）；
  · HUB2 那块：两种口径下**仍然全黑**（该组脚从未进过 `_22_1665_lines`，见 §5）。
  ⇒ flip 是「先让第一块内容对」的现场开关，**不是**双口问题的修复。
     编译：make -j8 DISP=22_1665 时加 `-D_22_1665_CHAIN_HEAD_IS_MODULE0=1`
     （或 EIDE 的 defineList 加同名宏；改完 EIDE 需 Reload Project）。

== 5. 「第二组数据脚从未被驱动」的机器级证据 ==
  全帧 512 项 BSRR 写序中出现过的引脚（置位或复位）：['PB6', 'PG10', 'PG15', 'PG9']
  [通过] 写过的引脚恰为 4 根：PG9 / PG10 / PG15 / PB6（= _22_1665_lines[4]）
  [通过] 候选「第二组」4 根脚（R3/G3/R4/G4 = PB8/PB9/PE1/PE2）**一次都没写过**
  [通过] 源码事实：`_22_1665_lines[4]` 只引用 `g_hub75_pin_r[0]/g[0]/r[1]/g[1]`（通道 0/1）

  引脚表（`Platform/Src/pl_hub75.c` → `Core/Inc/main.h`）：
    R1=PG9  G1=PG10  R2=PG15  G2=PB6   ← 现行 4 根（现场第二十轮逐脚定标）
    R3=PB8  G3=PB9   R4=PE1   G4=PE2   ← 兄弟驱动通道序里的「第二组」（**假设，须现场核对**）
  ⇒ 若 HUB2 的 4 根数据脚确实来自第二组，则该口**一根脚都没被写过** → 必然全黑。

== 6. 现场实验清单（每次只改一件事；判读唯一）==

  前置：RTT 可见时先看开机横幅是否有 `[diag] display screen=16x32 code=2200001665 modules=1x2`
        （有 = 板上是 1×2 镜像；无 = 旧镜像，先重烧；本轮已用 nm 核对板上 elf：
         `_22_1665_frame_state` 256B / `pixel_map` 512B / `chain_dst` 2048B ⇒ M=2 ✔）

  E1 互换两口：把 HUB2 那块换到 HUB1、原 HUB1 那块换到 HUB2
     → 预期：原来黑的那块在 HUB1 上显示出「2」，原来出「2」的换到 HUB2 后变黑
     说明：口的问题（HUB2 那一路没有数据），模组本身是好的。
     （若黑的那块**换到 HUB1 依旧黑** ⇒ 模组/排线/供电问题，先查硬件，别改固件。）

  E2 单块接 HUB2，用 1×1 口径（`MODULE_ROWS=1 / MODULE_COLS=1`）烧一版
     → 预期：全黑 ⇒ HUB2 不是并联、也没有可用数据脚（模型 B 成立）
       若显示「1」⇒ HUB2 与 HUB1 是同一组脚（并联）或共用数据，需回到 §3 的 H1 变体排查

  E3 单块接 HUB1，1×1 口径
     → 预期：显示「1」（单模块收 128 位 = 整屏内容；默认画面第 1 行）
     说明：第一块模组 + HUB1 通路完全正常（已知良好基线）。

  E4 示波器/逻辑分析仪测 HUB2 连接器：CLK(PD1)/LAT(PD3)/OE(PD0)/任一根数据脚
     → 预期：CLK 有 128×M 个脉冲/帧（帧周期 500µs，≈0.26~0.5MHz 突发）；
        LAT 每帧一个窄脉冲；OE 有 PWM；数据脚**无任何跳变**
     说明：「只有数据脚没驱动」⇒ 模型 B，补第二组脚即可；
       「CLK/LAT/OE 也没有」⇒ HUB2 整口未接 MCU（或硬件未装配），需查板。

  E5 万用表通断档：从 MCU 候选脚（PB8/PB9/PE1/PE2，必要时加 PE0/PE3）量到 HUB2 座的
     R/G 数据 pin（**必须现场实测，不要照搬"通道序"假设**）→ 得到第二组 4 根脚的真实归属
     说明：这是实现「HUB1 出 1 / HUB2 出 2」**唯一必需**的硬件信息。

  E6 若两块模组背面有第二个 16P 座（OUT）：把第二块串到第一块的 OUT（真级联），
     先不动固件（默认口径）→ 预期链首「2」、链尾「1」；
     再烧 `-D_22_1665_CHAIN_HEAD_IS_MODULE0=1` → 预期链首「1」、链尾「2」（正好符合期望）
     说明：级联成立 ⇒ **零代码改动**即可达到「一块 1、一块 2」。（口径见 §4）

  E7 用 1×1 口径 + 单块 HUB1：把默认画面文本临时改成 "2"（或只画第 2 行内容）
     → 预期显示「2」；说明第二块模组单独也能显示，问题只在通路，不在模组。

==============================================================================
结论：现场现象 = **H2（两口各占一组独立数据脚，硬件 = 模型 B）** +
      驱动只写第一组 4 根脚（R1/G1/R2/G2 = PG9/PG10/PG15/PB6）；
      HUB1 那块的 128 位移位寄存器留下的正是**帧末 128 位 = 模块 1 = 第 2 行 =「2」**，
      HUB2 那块的 4 根数据脚（第二组）从未被写过 → 全黑。
      ⇒ 达成「HUB1 出 1 / HUB2 出 2」需要**第二组数据脚的真实脚位**（或改成真级联接线）。
==============================================================================
结果：通过 26 / 失败 0（全部断言通过）
